C51 COMPILER V9.60.0.0   MAIN                                                              03/07/2026 19:17:28 PAGE 1   


C51 COMPILER V9.60.0.0, COMPILATION OF MODULE MAIN
OBJECT MODULE PLACED IN .\Objects\main.obj
COMPILER INVOKED BY: C:\Keil_v5\C51\BIN\C51.EXE main.c OPTIMIZE(8,SPEED) DEBUG OBJECTEXTEND TABS(2) OBJECT(.\Objects\mai
                    -n.obj)

line level    source

   1          #include "AT89X52.h"
   2          #include "LCD1602.h"
   3          #include "Key.h"
   4          #include "DS1302.h"
   5          #include "DHT11.h"
   6          #include "Buzzer.h"
   7          #include <intrins.h>
   8          
   9          #define KEY_TARE      10
  10          #define KEY_CLEAR     11
  11          #define KEY_BACKSPACE 12
  12          #define KEY_DHT11     13
  13          #define KEY_MODE      14
  14          #define KEY_DOT       15
  15          #define KEY_NONE      99
  16          
  17          #define Multiple 405.40
  18          #define MULTIPLE_X100 40540L
  19          
  20          #define FILTER_SIZE 8
  21          
  22          #define HX711_READY_STABLE_COUNT   3
  23          #define HX711_WAIT_READY_TIMEOUT   250000UL
  24          #define HX711_SAMPLE_TIMEOUT_TICKS 50UL
  25          #define HX711_SPIKE_THRESHOLD_COUNTS  5000000L
  26          #define HX711_SPIKE_CONFIRM_COUNT   2
  27          #define HX711_SPIKE_CONFIRM_WINDOW_COUNTS 100000L
  28          #define HX711_SAT_MARGIN_COUNTS     1000L
  29          
  30          // 重量噪声阈值，低于此值视为0
  31          #define WEIGHT_NOISE_THRESHOLD 1
  32          
  33          sbit HX711_OUT = P3^2;
  34          sbit HX711_SCK = P3^3;
  35          
  36          volatile unsigned char g_tick10ms = 0;   
  37          volatile unsigned char g_evt200ms = 0;   
  38          volatile unsigned char g_evt500ms = 0;   
  39          
  40          volatile unsigned long g_uptime10ms = 0;
  41          
  42          #define SCREEN_OFF_TIMEOUT_TICKS 500UL
  43          #define RAW_ACTIVITY_THRESHOLD   800L
  44          
  45          static bit idata g_screenOff = 0;
  46          
  47          static unsigned long idata g_lastActivityTick10ms = 0;
  48          static long idata g_lastTotalForActivity          = 0;
  49          
  50          long idata FurResult = 0;
  51          long idata TotalResult = 0;
  52          long idata NetWeight = 0;
  53          unsigned long idata NetWeightAbs = 0;
  54          
C51 COMPILER V9.60.0.0   MAIN                                                              03/07/2026 19:17:28 PAGE 2   

  55          long xdata Weight_Buffer[FILTER_SIZE] = {0};
  56          unsigned char Filter_Index = 0;
  57          bit g_isFirstSample = 1;
  58          
  59          static long idata g_lastRawValid = 0;
  60          static bit  idata g_hasLastRaw  = 0;
  61          static bit  idata g_hx711Fault = 0;
  62          static long idata g_pendingRaw = 0;
  63          static unsigned char idata g_pendingRawCount = 0;
  64          static unsigned long idata g_lastHx711SampleTick10ms = 0;
  65          
  66          unsigned long idata UnitPrice_x100 = 0;
  67          
  68          char idata InputBuf[8] = {0};
  69          unsigned char idata InputIndex = 0;
  70          
  71          static signed char idata g_dotPos = -1;      
  72          static unsigned char idata g_fracDigits = 0; 
  73          static bit idata g_inputDirty = 0;
  74          static bit idata g_priceDirty = 0;
  75          
  76          unsigned char idata SystemMode = 0;
  77          
  78          unsigned int idata year;
  79          unsigned char idata month, day, hour, minute, second;
  80          
  81          unsigned int idata dht_temp = 0;
  82          unsigned int idata dht_humi = 0;
  83          unsigned char idata dht_div = 0;
  84          
  85          static long idata lastNetWeight = 0x7FFFFFFF;
  86          static unsigned long idata lastUnitPrice_x100 = 0xFFFFFFFFUL;
  87          static unsigned long idata lastTotal_fen = 0xFFFFFFFFUL; 
  88          static bit idata lastWeightNeg = 0;
  89          static unsigned int idata last_dht_temp = 0xFFFF;
  90          static unsigned int idata last_dht_humi = 0xFFFF;
  91          
  92          void Timer0_Init(void);
  93          void Delay(unsigned int t);
  94          unsigned long GetWeight_NoWait(void);
  95          long Filter_Weight(long raw);
  96          
  97          static bit  HX711_IsReadyStable(void);
  98          static bit  HX711_WaitReady(unsigned long timeout);
  99          static bit  HX711_IsDiffOver(long a, long b, long threshold);
 100          static bit  HX711_ReadRawFiltered(long* raw);
 101          static void ResetInput(void);
 102          static void ShowInputStringIfDirty(void);
 103          static unsigned long ParsePriceToX100(const char* str);
 104          static void Init_Display(void);
 105          static void ProcessKey(unsigned char key);
 106          static long CalcNetWeightFromDiff(long diff);
 107          static void UpdateScaleDisplay(void);
 108          static void UpdateScaleLogicOnly(void);
 109          static void UpdateClockDisplay(void);
 110          static void UpdateDHTDisplay(void);
 111          
 112          static void Screen_Off(void);
 113          static void Screen_On(void);
 114          static void MarkActivity(void);
 115          static unsigned long ReadUptime10msSafe(void);
 116          static void UpdateHX711FaultState(void);
C51 COMPILER V9.60.0.0   MAIN                                                              03/07/2026 19:17:28 PAGE 3   

 117          
 118          void Timer0_Init(void)
 119          {
 120   1          TMOD &= 0xF0;
 121   1          TMOD |= 0x01;      
 122   1          TL0 = 0x00;
 123   1          TH0 = 0xDC;
 124   1          TF0 = 0;
 125   1          TR0 = 1;
 126   1          ET0 = 1;
 127   1          EA  = 1;
 128   1      }
 129          
 130          void Delay(unsigned int t)
 131          {
 132   1          unsigned char i, j;
 133   1          while(t--)
 134   1          {
 135   2              i = 2; j = 199;
 136   2              do { while (--j); } while (--i);
 137   2          }
 138   1      }
 139          
 140          unsigned long GetWeight_NoWait(void)
 141          {
 142   1          unsigned long Temp = 0;
 143   1          unsigned char i;
 144   1          bit ea_bak = EA;
 145   1      
 146   1          HX711_SCK = 0;
 147   1          Temp = 0;
 148   1      
 149   1          for(i = 0; i < 24; i++)
 150   1          {
 151   2              EA = 0;
 152   2              HX711_SCK = 1; _nop_();
 153   2              Temp <<= 1;
 154   2              if(HX711_OUT) Temp++;
 155   2              HX711_SCK = 0; _nop_();
 156   2              EA = ea_bak;
 157   2          }
 158   1      
 159   1          EA = 0;
 160   1          HX711_SCK = 1; _nop_();
 161   1          HX711_SCK = 0; _nop_();
 162   1          EA = ea_bak;
 163   1      
 164   1          if(Temp & 0x00800000) Temp |= 0xFF000000;
 165   1          return Temp;
 166   1      }
 167          
 168          static bit HX711_IsReadyStable(void)
 169          {
 170   1          unsigned char i;
 171   1          for(i = 0; i < HX711_READY_STABLE_COUNT; i++)
 172   1          {
 173   2              if(HX711_OUT) return 0;
 174   2              _nop_(); _nop_();
 175   2          }
 176   1          return 1;
 177   1      }
 178          
C51 COMPILER V9.60.0.0   MAIN                                                              03/07/2026 19:17:28 PAGE 4   

 179          static bit HX711_WaitReady(unsigned long timeout)
 180          {
 181   1          while(timeout--)
 182   1          {
 183   2              if(!HX711_OUT)
 184   2              {
 185   3                  if(HX711_IsReadyStable()) return 1;
 186   3              }
 187   2          }
 188   1          return 0;
 189   1      }
 190          
 191          static bit HX711_IsSaturatedLike(long raw)
 192          {
 193   1          if(raw > (8388607L - HX711_SAT_MARGIN_COUNTS)) return 1;
 194   1          if(raw < (-8388608L + HX711_SAT_MARGIN_COUNTS)) return 1;
 195   1      
 196   1          if(raw == -1L) return 1;
 197   1      
 198   1          return 0;
 199   1      }
 200          
 201          static bit HX711_IsDiffOver(long a, long b, long threshold)
 202          {
 203   1          if(a >= b) return (a - b) > threshold;
 204   1          return (b - a) > threshold;
 205   1      }
 206          
 207          static bit HX711_ReadRawFiltered(long* raw)
 208          {
 209   1          long current = (long)GetWeight_NoWait();
 210   1      
 211   1          if(HX711_IsSaturatedLike(current))
 212   1          {
 213   2              g_hx711Fault = 1;
 214   2              g_pendingRawCount = 0;
 215   2              return 0;
 216   2          }
 217   1      
 218   1          if(!g_hasLastRaw)
 219   1          {
 220   2              g_lastRawValid = current;
 221   2              g_hasLastRaw = 1;
 222   2              g_hx711Fault = 0;
 223   2              g_pendingRawCount = 0;
 224   2              g_lastHx711SampleTick10ms = ReadUptime10msSafe();
 225   2              *raw = current;
 226   2              return 1;
 227   2          }
 228   1      
 229   1          if(HX711_IsDiffOver(current, g_lastRawValid, HX711_SPIKE_THRESHOLD_COUNTS))
 230   1          {
 231   2              if(g_pendingRawCount > 0 && !HX711_IsDiffOver(current, g_pendingRaw, HX711_SPIKE_CONFIRM_WINDOW_CO
             -UNTS))
 232   2              {
 233   3                  g_pendingRaw = current;
 234   3                  g_pendingRawCount++;
 235   3                  if(g_pendingRawCount >= HX711_SPIKE_CONFIRM_COUNT)
 236   3                  {
 237   4                      g_lastRawValid = current;
 238   4                      g_pendingRawCount = 0;
 239   4                      g_hx711Fault = 0;
C51 COMPILER V9.60.0.0   MAIN                                                              03/07/2026 19:17:28 PAGE 5   

 240   4                      g_lastHx711SampleTick10ms = ReadUptime10msSafe();
 241   4                      *raw = current;
 242   4                      return 1;
 243   4                  }
 244   3              }
 245   2              else
 246   2              {
 247   3                  g_pendingRaw = current;
 248   3                  g_pendingRawCount = 1;
 249   3              }
 250   2              return 0;
 251   2          }
 252   1      
 253   1          g_lastRawValid = current;
 254   1          g_pendingRawCount = 0;
 255   1          g_hx711Fault = 0;
 256   1          g_lastHx711SampleTick10ms = ReadUptime10msSafe();
 257   1          *raw = current;
 258   1          return 1;
 259   1      }
 260          
 261          long Filter_Weight(long raw)
 262          {
 263   1          long sum = 0;
 264   1          unsigned char i;
 265   1          
 266   1          if (g_isFirstSample)
 267   1          {
 268   2              for(i=0; i<FILTER_SIZE; i++) Weight_Buffer[i] = raw;
 269   2              g_isFirstSample = 0;
 270   2              return raw;
 271   2          }
 272   1      
 273   1          Weight_Buffer[Filter_Index] = raw;
 274   1          Filter_Index++;
 275   1          if (Filter_Index >= FILTER_SIZE) Filter_Index = 0;
 276   1      
 277   1          for(i=0; i<FILTER_SIZE; i++)
 278   1          {
 279   2              sum += Weight_Buffer[i];
 280   2          }
 281   1          
 282   1          return (sum / FILTER_SIZE);
 283   1      }
 284          
 285          static void ResetInput(void)
 286          {
 287   1          InputIndex = 0;
 288   1          InputBuf[0] = '\0';
 289   1          g_dotPos = -1;
 290   1          g_fracDigits = 0;
 291   1          UnitPrice_x100 = 0;
 292   1          g_inputDirty = 1;
 293   1          g_priceDirty = 0;
 294   1      }
 295          
 296          static unsigned long ParsePriceToX100(const char* str)
 297          {
 298   1          unsigned long val = 0;
 299   1          unsigned char i = 0;
 300   1          bit afterDot = 0;
 301   1          unsigned char frac = 0;
C51 COMPILER V9.60.0.0   MAIN                                                              03/07/2026 19:17:28 PAGE 6   

 302   1      
 303   1          while(str[i] != '\0')
 304   1          {
 305   2              if(str[i] == '.') afterDot = 1;
 306   2              else if(str[i] >= '0' && str[i] <= '9')
 307   2              {
 308   3                  if(!afterDot || frac < 2)
 309   3                  {
 310   4                      val = val * 10UL + (unsigned long)(str[i] - '0');
 311   4                      if(afterDot) frac++;
 312   4                  }
 313   3              }
 314   2              i++;
 315   2          }
 316   1      
 317   1          if(!afterDot) return val * 100UL;
 318   1          if(frac == 0) return val * 100UL;
 319   1          if(frac == 1) return val * 10UL;
 320   1          return val;
 321   1      }
 322          
 323          static void ShowInputStringIfDirty(void)
 324          {
 325   1          if(!g_inputDirty) return;
 326   1          g_inputDirty = 0;
 327   1          LCD_ShowString(2, 3, "      ");
 328   1          if(InputIndex == 0) LCD_ShowString(2, 3, "00.00");
 329   1          else LCD_ShowString(2, 3, InputBuf);
 330   1      }
 331          
 332          static void Init_Display(void)
 333          {
 334   1          LCD_Clear();
 335   1          Buzzer_Off();
 336   1          
 337   1          lastNetWeight = 0x7FFFFFFF;
 338   1          lastUnitPrice_x100 = 0xFFFFFFFFUL;
 339   1          lastTotal_fen = 0xFFFFFFFFUL;
 340   1          lastWeightNeg = 0;
 341   1          last_dht_temp = 0xFFFF;
 342   1          last_dht_humi = 0xFFFF;
 343   1      
 344   1          if (SystemMode == 0)
 345   1          {
 346   2              LCD_ShowString(1, 1, "W:");
 347   2              LCD_ShowChar(1, 3, ' ');
 348   2              LCD_ShowString(1, 9, "g ");
 349   2              LCD_ShowString(2, 1, "U:");
 350   2              LCD_ShowString(2, 9, "T:");
 351   2              LCD_ShowChar(2, 14, '.');
 352   2              ResetInput();
 353   2              ShowInputStringIfDirty();
 354   2              UpdateScaleDisplay();
 355   2          }
 356   1          else if (SystemMode == 1)
 357   1          {
 358   2              LCD_ShowChar(1, 8, '-');
 359   2              LCD_ShowChar(1, 11, '-');
 360   2              LCD_ShowChar(2, 6, ':');
 361   2              LCD_ShowChar(2, 9, ':');
 362   2              UpdateClockDisplay();
 363   2          }
C51 COMPILER V9.60.0.0   MAIN                                                              03/07/2026 19:17:28 PAGE 7   

 364   1          else
 365   1          {
 366   2              LCD_ShowString(1, 1, "Temp: --.- C");
 367   2              LCD_ShowString(2, 1, "Humi: --.- %");
 368   2              dht_div = 1;
 369   2          }
 370   1      }
 371          
 372          static void ProcessKey(unsigned char key)
 373          {
 374   1          unsigned char removed;
 375   1      
 376   1          if(key == KEY_MODE)
 377   1          {
 378   2              SystemMode = (SystemMode == 1) ? 0 : 1;
 379   2              Init_Display();
 380   2              return;
 381   2          }
 382   1          if(key == KEY_DHT11)
 383   1          {
 384   2              SystemMode = (SystemMode == 2) ? 0 : 2;
 385   2              Init_Display();
 386   2              return;
 387   2          }
 388   1      
 389   1          if(SystemMode != 0) return;
 390   1      
 391   1          if(key <= 9)
 392   1          {
 393   2              if(g_dotPos >= 0 && g_fracDigits >= 2) return;
 394   2              if(InputIndex < 6)
 395   2              {
 396   3                  InputBuf[InputIndex++] = (char)('0' + key);
 397   3                  InputBuf[InputIndex] = '\0';
 398   3                  if(g_dotPos >= 0) g_fracDigits++;
 399   3                  g_inputDirty = 1;
 400   3                  g_priceDirty = 1;
 401   3              }
 402   2              return;
 403   2          }
 404   1      
 405   1          if(key == KEY_DOT)
 406   1          {
 407   2              if(g_dotPos >= 0) return;
 408   2              if(InputIndex == 0)
 409   2              {
 410   3                  if(InputIndex < 5) { InputBuf[InputIndex++] = '0'; InputBuf[InputIndex] = '\0'; }
 411   3                  else return;
 412   3              }
 413   2              if(InputIndex < 6)
 414   2              {
 415   3                  g_dotPos = (signed char)InputIndex;
 416   3                  InputBuf[InputIndex++] = '.';
 417   3                  InputBuf[InputIndex] = '\0';
 418   3                  g_fracDigits = 0;
 419   3                  g_inputDirty = 1;
 420   3                  g_priceDirty = 1;
 421   3              }
 422   2              return;
 423   2          }
 424   1      
 425   1          if(key == KEY_TARE)
C51 COMPILER V9.60.0.0   MAIN                                                              03/07/2026 19:17:28 PAGE 8   

 426   1          {
 427   2              FurResult = TotalResult;
 428   2              lastNetWeight = 0x7FFFFFFF;
 429   2              return;
 430   2          }
 431   1      
 432   1          if(key == KEY_CLEAR)
 433   1          {
 434   2              ResetInput();
 435   2              return;
 436   2          }
 437   1      
 438   1          if(key == KEY_BACKSPACE)
 439   1          {
 440   2              if(InputIndex == 0) return;
 441   2              removed = (unsigned char)InputBuf[InputIndex - 1];
 442   2              InputIndex--;
 443   2              InputBuf[InputIndex] = '\0';
 444   2              if(removed == '.') { g_dotPos = -1; g_fracDigits = 0; }
 445   2              else { if(g_dotPos >= 0 && InputIndex > (unsigned char)g_dotPos && g_fracDigits > 0) g_fracDigits-
             --; }
 446   2              g_inputDirty = 1;
 447   2              g_priceDirty = 1;
 448   2              return;
 449   2          }
 450   1      }
 451          
 452          static long CalcNetWeightFromDiff(long diff)
 453          {
 454   1          long num = diff * 100L;
 455   1          if(num >= 0) num += (MULTIPLE_X100 / 2);
 456   1          else         num -= (MULTIPLE_X100 / 2);
 457   1          return (num / MULTIPLE_X100);
 458   1      }
 459          
 460          static void UpdateScaleDisplay(void)
 461          {
 462   1          long WeightDiff;
 463   1          unsigned long total_fen;
 464   1          unsigned int TotalInt, TotalDec;
 465   1          bit neg;
 466   1      
 467   1          ShowInputStringIfDirty();
 468   1          UpdateHX711FaultState();
 469   1      
 470   1          if(g_priceDirty)
 471   1          {
 472   2              g_priceDirty = 0;
 473   2              UnitPrice_x100 = (InputIndex == 0) ? 0 : ParsePriceToX100(InputBuf);
 474   2          }
 475   1      
 476   1          if(g_hx711Fault)
 477   1          {
 478   2              Buzzer_Off();
 479   2              if(lastWeightNeg)
 480   2              {
 481   3                  LCD_ShowChar(1, 3, ' ');
 482   3                  lastWeightNeg = 0;
 483   3              }
 484   2              LCD_ShowString(1, 4, " ERR ");
 485   2              if(lastTotal_fen != 0 || UnitPrice_x100 != lastUnitPrice_x100)
 486   2              {
C51 COMPILER V9.60.0.0   MAIN                                                              03/07/2026 19:17:28 PAGE 9   

 487   3                  lastTotal_fen = 0;
 488   3                  lastUnitPrice_x100 = UnitPrice_x100;
 489   3                  LCD_ShowNum(2, 11, 0, 3);
 490   3                  LCD_ShowNum(2, 15, 0, 2);
 491   3              }
 492   2              lastNetWeight = 0x7FFFFFFF;
 493   2              NetWeight = 0;
 494   2              NetWeightAbs = 0;
 495   2              return;
 496   2          }
 497   1      
 498   1          WeightDiff = TotalResult - FurResult;
 499   1          NetWeight = CalcNetWeightFromDiff(WeightDiff);
 500   1          
 501   1          if(NetWeight >= -WEIGHT_NOISE_THRESHOLD && NetWeight <= WEIGHT_NOISE_THRESHOLD) NetWeight = 0;
 502   1          if(g_screenOff) { Buzzer_Off(); }
 503   1          else
 504   1          {
 505   2              if(NetWeight > 1000) Buzzer_Alarm(20, 50);
 506   2              else Buzzer_Off();
 507   2          }
 508   1      
 509   1          neg = (NetWeight < 0) ? 1 : 0;
 510   1          NetWeightAbs = (neg) ? (unsigned long)(-NetWeight) : (unsigned long)NetWeight;
 511   1      
 512   1          if(neg != lastWeightNeg)
 513   1          {
 514   2              LCD_ShowChar(1, 3, neg ? '-' : ' ');
 515   2              lastWeightNeg = neg;
 516   2          }
 517   1      
 518   1          if(NetWeight != lastNetWeight)
 519   1          {
 520   2              LCD_ShowNum(1, 4, NetWeightAbs, 5);
 521   2              lastNetWeight = NetWeight;
 522   2          }
 523   1      
 524   1          if(!neg) total_fen = (unsigned long)NetWeightAbs * (unsigned long)UnitPrice_x100 / 1000UL;
 525   1          else total_fen = 0;
 526   1      
 527   1          if(total_fen != lastTotal_fen || UnitPrice_x100 != lastUnitPrice_x100)
 528   1          {
 529   2              lastTotal_fen = total_fen;
 530   2              lastUnitPrice_x100 = UnitPrice_x100;
 531   2              TotalInt = (unsigned int)(total_fen / 100UL);
 532   2              TotalDec = (unsigned int)(total_fen % 100UL);
 533   2              LCD_ShowNum(2, 11, TotalInt, 3);
 534   2              LCD_ShowNum(2, 15, TotalDec, 2);
 535   2          }
 536   1      }
 537          
 538          static void UpdateScaleLogicOnly(void)
 539          {
 540   1          long WeightDiff;
 541   1          UpdateHX711FaultState();
 542   1          if(g_hx711Fault)
 543   1          {
 544   2              NetWeight = 0;
 545   2              NetWeightAbs = 0;
 546   2              Buzzer_Off();
 547   2              return;
 548   2          }
C51 COMPILER V9.60.0.0   MAIN                                                              03/07/2026 19:17:28 PAGE 10  

 549   1          WeightDiff = TotalResult - FurResult;
 550   1          NetWeight = CalcNetWeightFromDiff(WeightDiff);
 551   1          if(NetWeight >= -WEIGHT_NOISE_THRESHOLD && NetWeight <= WEIGHT_NOISE_THRESHOLD) NetWeight = 0;
 552   1          Buzzer_Off();
 553   1      }
 554          
 555          static void UpdateClockDisplay(void)
 556          {
 557   1          DS1302_ReadTime();
 558   1          year   = 2000 + DS1302_Time[0];
 559   1          month  = DS1302_Time[1];
 560   1          day    = DS1302_Time[2];
 561   1          hour   = DS1302_Time[3];
 562   1          minute = DS1302_Time[4];
 563   1          second = DS1302_Time[5];
 564   1      
 565   1          LCD_ShowNum(1, 4, year, 4);
 566   1          LCD_ShowNum(1, 9, month, 2);
 567   1          LCD_ShowNum(1, 12, day, 2);
 568   1          LCD_ShowNum(2, 4, hour, 2);
 569   1          LCD_ShowNum(2, 7, minute, 2);
 570   1          LCD_ShowNum(2, 10, second, 2);
 571   1      }
 572          
 573          static void UpdateDHTDisplay(void)
 574          {
 575   1          if(dht_div == 0) { dht_div = 1; return; }
 576   1          dht_div = 0;
 577   1      
 578   1          Dht11_Get_Temp_Humi_Value(&dht_temp, &dht_humi);
 579   1      
 580   1          if(dht_temp != last_dht_temp)
 581   1          {
 582   2              last_dht_temp = dht_temp;
 583   2              LCD_ShowNum(1, 7, dht_temp/10, 2);
 584   2              LCD_ShowChar(1, 9, '.');
 585   2              LCD_ShowNum(1, 10, dht_temp%10, 1);
 586   2          }
 587   1          if(dht_humi != last_dht_humi)
 588   1          {
 589   2              last_dht_humi = dht_humi;
 590   2              LCD_ShowNum(2, 7, dht_humi/10, 2);
 591   2              LCD_ShowChar(2, 9, '.');
 592   2              LCD_ShowNum(2, 10, dht_humi%10, 1);
 593   2          }
 594   1      }
 595          
 596          static unsigned long ReadUptime10msSafe(void)
 597          {
 598   1          unsigned long t;
 599   1          bit ea_bak = EA;
 600   1          EA = 0;
 601   1          t = g_uptime10ms;
 602   1          EA = ea_bak;
 603   1          return t;
 604   1      }
 605          
 606          static void UpdateHX711FaultState(void)
 607          {
 608   1          unsigned long now = ReadUptime10msSafe();
 609   1      
 610   1          if(g_hasLastRaw)
C51 COMPILER V9.60.0.0   MAIN                                                              03/07/2026 19:17:28 PAGE 11  

 611   1          {
 612   2              if((now - g_lastHx711SampleTick10ms) >= HX711_SAMPLE_TIMEOUT_TICKS) g_hx711Fault = 1;
 613   2          }
 614   1          else
 615   1          {
 616   2              if(now >= HX711_SAMPLE_TIMEOUT_TICKS) g_hx711Fault = 1;
 617   2          }
 618   1      }
 619          
 620          static void MarkActivity(void)
 621          {
 622   1          g_lastActivityTick10ms = ReadUptime10msSafe();
 623   1      }
 624          
 625          static void Screen_Off(void)
 626          {
 627   1          if(g_screenOff) return;
 628   1          g_screenOff = 1;
 629   1          Buzzer_Off();
 630   1          LCD_Clear();
 631   1      }
 632          
 633          static void Screen_On(void)
 634          {
 635   1          g_screenOff = 0;
 636   1          Init_Display();
 637   1          MarkActivity();
 638   1      }
 639          
 640          void main(void)
 641          {
 642   1          unsigned char key;
 643   1          unsigned char timeFlag;
 644   1          long rawWeight;
 645   1          unsigned char k;
 646   1      
 647   1          HX711_SCK = 0;
 648   1          Buzzer_Init();
 649   1          LCD_Init();
 650   1      
 651   1          LCD_ShowString(1, 1, "Name: xxx");
 652   1          LCD_ShowString(2, 1, "ID: 222xxxxxxx");
 653   1          
 654   1          for(k=0; k<3; k++)
 655   1          {
 656   2              Delay(1000); 
 657   2          }
 658   1          
 659   1          DS1302_Init();
 660   1      
 661   1          timeFlag = DS1302_ReadByte(0xC0);
 662   1          if(timeFlag != 0xAA)
 663   1          {
 664   2              DS1302_SetTime();
 665   2              DS1302_WriteByte(0x8E, 0x00);
 666   2              DS1302_WriteByte(0xC0, 0xAA);
 667   2              DS1302_WriteByte(0x8E, 0x80);
 668   2              Delay(500);
 669   2          }
 670   1      
 671   1          Timer0_Init();
 672   1      
C51 COMPILER V9.60.0.0   MAIN                                                              03/07/2026 19:17:28 PAGE 12  

 673   1          if(HX711_WaitReady(HX711_WAIT_READY_TIMEOUT))
 674   1          {
 675   2              rawWeight = (long)GetWeight_NoWait();
 676   2              if(HX711_IsSaturatedLike(rawWeight))
 677   2              {
 678   3                  g_hx711Fault = 1;
 679   3              }
 680   2              else
 681   2              {
 682   3                  FurResult = Filter_Weight(rawWeight);
 683   3                  TotalResult = FurResult;
 684   3                  g_lastRawValid = rawWeight;
 685   3                  g_hasLastRaw = 1;
 686   3                  g_lastHx711SampleTick10ms = ReadUptime10msSafe();
 687   3              }
 688   2          }
 689   1          else
 690   1          {
 691   2              g_hx711Fault = 1;
 692   2          }
 693   1      
 694   1          for(key=0; key<10; key++)
 695   1          {
 696   2              if(!HX711_WaitReady(HX711_WAIT_READY_TIMEOUT)) break;
 697   2              rawWeight = (long)GetWeight_NoWait();
 698   2              if(HX711_IsSaturatedLike(rawWeight))
 699   2              {
 700   3                  g_hx711Fault = 1;
 701   3                  break;
 702   3              }
 703   2              TotalResult = Filter_Weight(rawWeight);
 704   2              FurResult = TotalResult;
 705   2              g_lastRawValid = rawWeight;
 706   2              g_hasLastRaw = 1;
 707   2              g_lastHx711SampleTick10ms = ReadUptime10msSafe();
 708   2              g_hx711Fault = 0;
 709   2          }
 710   1      
 711   1          SystemMode = 0;
 712   1          Init_Display();
 713   1      
 714   1          g_screenOff = 0;
 715   1          g_lastActivityTick10ms = g_uptime10ms;
 716   1          g_lastTotalForActivity = TotalResult;
 717   1      
 718   1          {
 719   2              unsigned char lastTick = g_tick10ms;
 720   2      
 721   2              while(1)
 722   2              {
 723   3                  while(lastTick != g_tick10ms)
 724   3                  {
 725   4                      lastTick++;
 726   4      
 727   4                      key = Key_Scan();
 728   4                      if(key != KEY_NONE)
 729   4                      {
 730   5                          if(g_screenOff) Screen_On();
 731   5                          ProcessKey(key);
 732   5                          MarkActivity();
 733   5                      }
 734   4      
C51 COMPILER V9.60.0.0   MAIN                                                              03/07/2026 19:17:28 PAGE 13  

 735   4                      if(SystemMode == 0 && HX711_IsReadyStable())
 736   4                      {
 737   5                          if(HX711_ReadRawFiltered(&rawWeight))
 738   5                          {
 739   6                              TotalResult = Filter_Weight(rawWeight);
 740   6                              {
 741   7                                  long d = TotalResult - g_lastTotalForActivity;
 742   7                                  if(d > RAW_ACTIVITY_THRESHOLD || d < -RAW_ACTIVITY_THRESHOLD)
 743   7                                  {
 744   8                                      g_lastTotalForActivity = TotalResult;
 745   8                                      if(g_screenOff) Screen_On();
 746   8                                      MarkActivity();
 747   8                                  }
 748   7                              }
 749   6                          }
 750   5                      }
 751   4                      if(SystemMode == 0) UpdateHX711FaultState();
 752   4                  }
 753   3      
 754   3                  while(g_evt200ms)
 755   3                  {
 756   4                      g_evt200ms--;
 757   4                      if(SystemMode == 0)
 758   4                      {
 759   5      
 760   5                          if(g_screenOff)
 761   5                          {
 762   6                              UpdateScaleLogicOnly();
 763   6                          }
 764   5                          else
 765   5                          {
 766   6                              UpdateScaleDisplay();
 767   6                          }
 768   5                      }
 769   4                  }
 770   3      
 771   3                  while(g_evt500ms)
 772   3                  {
 773   4                      g_evt500ms--;
 774   4                      if(g_screenOff) {  }
 775   4                      else
 776   4                      {
 777   5                          if(SystemMode == 1) UpdateClockDisplay();
 778   5                          else if(SystemMode == 2) UpdateDHTDisplay();
 779   5                      }
 780   4                  }
 781   3      
 782   3                  if(!g_screenOff)
 783   3                  {
 784   4                      unsigned long now = ReadUptime10msSafe();
 785   4                      if((now - g_lastActivityTick10ms) >= SCREEN_OFF_TIMEOUT_TICKS)
 786   4                      {
 787   5                          Screen_Off();
 788   5                      }
 789   4                  }
 790   3      
 791   3              }
 792   2          }
 793   1      }
 794          
 795          void Timer0_Routine(void) interrupt 1
 796          {
C51 COMPILER V9.60.0.0   MAIN                                                              03/07/2026 19:17:28 PAGE 14  

 797   1          static unsigned char cnt200 = 0;
 798   1          static unsigned char cnt500 = 0;
 799   1      
 800   1          TL0 = 0x00;
 801   1          TH0 = 0xDC; 
 802   1      
 803   1          g_tick10ms++;
 804   1          g_uptime10ms++;
 805   1          cnt200++;
 806   1          cnt500++;
 807   1      
 808   1          if(cnt200 >= 20) { cnt200 = 0; g_evt200ms++; }
 809   1          if(cnt500 >= 50) { cnt500 = 0; g_evt500ms++; }
 810   1      }


MODULE INFORMATION:   STATIC OVERLAYABLE
   CODE SIZE        =   3584    ----
   CONSTANT SIZE    =     82    ----
   XDATA SIZE       =     32    ----
   PDATA SIZE       =   ----    ----
   DATA SIZE        =     10      76
   IDATA SIZE       =     81    ----
   BIT SIZE         =      7       4
END OF MODULE INFORMATION.


C51 COMPILATION COMPLETE.  0 WARNING(S),  0 ERROR(S)
